c:\users\admin\source\repos\max2w3d\memorymanager\intermediate\debugwin64\memorymanager.pch
c:\users\admin\source\repos\max2w3d\memorymanager\intermediate\debugwin64\memorymanager_compiler.pdb
c:\users\admin\source\repos\max2w3d\memorymanager\intermediate\debugwin64\memorymanager_pch.obj
c:\users\admin\source\repos\max2w3d\memorymanager\intermediate\debugwin64\fastallocator.obj
c:\users\admin\source\repos\max2w3d\memorymanager\intermediate\debugwin64\memorymanager_debug.obj
c:\users\admin\source\repos\max2w3d\memorymanager\intermediate\debugwin64\memtracker.obj
c:\users\admin\source\repos\max2w3d\memorymanager\intermediate\debugwin64\dllmain_debug.obj
c:\users\admin\source\repos\max2w3d\bin\x64\debug\memorymanager.dll
c:\users\admin\source\repos\max2w3d\bin\x64\debug\memorymanager.pdb
c:\users\admin\source\repos\max2w3d\bin\x64\debug\memorymanager.lib
c:\users\admin\source\repos\max2w3d\bin\x64\debug\memorymanager.exp
c:\users\admin\source\repos\max2w3d\memorymanager\intermediate\debugwin64\memorymanager.ilk
c:\users\admin\source\repos\max2w3d\memorymanager\intermediate\debugwin64\memorymanager.tlog\cl.command.1.tlog
c:\users\admin\source\repos\max2w3d\memorymanager\intermediate\debugwin64\memorymanager.tlog\cl.items.tlog
c:\users\admin\source\repos\max2w3d\memorymanager\intermediate\debugwin64\memorymanager.tlog\cl.read.1.tlog
c:\users\admin\source\repos\max2w3d\memorymanager\intermediate\debugwin64\memorymanager.tlog\cl.write.1.tlog
c:\users\admin\source\repos\max2w3d\memorymanager\intermediate\debugwin64\memorymanager.tlog\link.command.1.tlog
c:\users\admin\source\repos\max2w3d\memorymanager\intermediate\debugwin64\memorymanager.tlog\link.read.1.tlog
c:\users\admin\source\repos\max2w3d\memorymanager\intermediate\debugwin64\memorymanager.tlog\link.secondary.1.tlog
c:\users\admin\source\repos\max2w3d\memorymanager\intermediate\debugwin64\memorymanager.tlog\link.write.1.tlog
